[debug] > Exec(early(addDefaultCommands), None, None)
[debug] > Exec(addDefaultCommands, None, None)
[debug] > Exec(early(initialize), None, None)
[debug] > Exec(initialize, None, None)
[debug] > Exec(boot, None, None)
[debug] > Exec(writeSbtVersion, None, None)
[debug] > Exec(reload, None, None)
[debug] > Exec(sbtStashOnFailure, None, None)
[debug] > Exec(onFailure loadFailed, None, None)
[debug] > Exec(loadp, None, None)
[info] welcome to sbt 1.10.3 (Amazon.com Inc. Java 11.0.26)
[debug] Load.defaultLoad until apply took 90.632667ms
[debug]           Load.loadUnit: plugins took 103.203167ms
[debug]           Load.loadUnit: defsScala took 0.20125ms
[debug] [Loading] Scanning directory /Users/rishabh/poc/real-estate-poc/project
[debug]             Load.loadUnit: mkEval took 6.255958ms
[debug] [Loading] Found non-root projects 
[debug] [Loading] Done in /Users/rishabh/poc/real-estate-poc/project, returning: ()
[debug] deducing auto plugins based on known facts Set(Atom(sbt.plugins.CorePlugin)) and clauses Clauses(Clause(Atom(sbt.plugins.JvmPlugin),Set(Atom(sbt.plugins.IvyPlugin)))
[debug] Clause(Atom(sbt.ScriptedPlugin),Set(Atom(sbt.plugins.JvmPlugin)))
[debug] Clause(Atom(sbt.plugins.SbtPlugin),Set(Atom(sbt.ScriptedPlugin)))
[debug] Clause(Atom(sbt.plugins.SemanticdbPlugin),Set(Atom(sbt.plugins.JvmPlugin)))
[debug] Clause(Atom(sbt.plugins.JUnitXmlReportPlugin),Set(Atom(sbt.plugins.JvmPlugin)))
[debug] Clause(Atom(sbt.plugins.MiniDependencyTreePlugin),Set(Atom(sbt.plugins.JvmPlugin)))
[debug] Clause(Atom(sbt.plugins.CorePlugin),Set(Atom(sbt.plugins.IvyPlugin)))
[debug] Clause(Atom(sbt.plugins.IvyPlugin),Set(Atom(sbt.plugins.JvmPlugin)))
[debug] Clause(Atom(sbt.plugins.JvmPlugin),Set(Atom(sbt.plugins.SemanticdbPlugin)))
[debug] Clause(Atom(sbt.plugins.JvmPlugin),Set(Atom(sbt.plugins.JUnitXmlReportPlugin)))
[debug] Clause(Atom(sbt.plugins.CorePlugin),Set(Atom(sbt.plugins.Giter8TemplatePlugin)))
[debug] Clause(Atom(sbt.plugins.JvmPlugin),Set(Atom(sbt.plugins.MiniDependencyTreePlugin))))
[debug]   :: deduced result: Matched(sbt.plugins.CorePlugin,sbt.plugins.Giter8TemplatePlugin,sbt.plugins.IvyPlugin,sbt.plugins.JvmPlugin,sbt.plugins.MiniDependencyTreePlugin,sbt.plugins.JUnitXmlReportPlugin,sbt.plugins.SemanticdbPlugin)
[debug] Plugins.deducer#function took 10.201792 ms
[info] loading settings for project real-estate-poc-build from plugins.sbt ...
[debug]               Load.resolveProject(real-estate-poc-build) took 30.316834ms
[debug]             Load.loadTransitive: finalizeProject(Project(id real-estate-poc-build, base: /Users/rishabh/poc/real-estate-poc/project, plugins: List(<none>))) took 59.613667ms
[debug] [Loading] Done in /Users/rishabh/poc/real-estate-poc/project, returning: (real-estate-poc-build)
[debug]           Load.loadUnit: loadedProjectsRaw took 348.494709ms
[debug]           Load.loadUnit: cleanEvalClasses took 0.104875ms
[debug]         Load.loadUnit(file:/Users/rishabh/poc/real-estate-poc/project/, ...) took 455.242917ms
[debug]       Load.apply: load took 737.322292ms
[debug]       Load.apply: resolveProjects took 2.774042ms
[debug]       Load.apply: finalTransforms took 35.744459ms
[debug]       Load.apply: config.delegates took 3.968167ms
[debug]       Load.apply: Def.make(settings)... took 262.064333ms
[debug]       Load.apply: structureIndex took 69.367541ms
[debug]       Load.apply: mkStreams took 1.214334ms
[info] loading project definition from /Users/rishabh/poc/real-estate-poc/project
[debug] Running task... Cancel: Signal, check cycles: false, forcegc: true
[debug]     Load.loadUnit: plugins took 1813.186208ms
[debug]     Load.loadUnit: defsScala took 0.002459ms
[debug] [Loading] Scanning directory /Users/rishabh/poc/real-estate-poc
[debug]       Load.loadUnit: mkEval took 0.145958ms
[debug] [Loading] Found root project root w/ remaining 
[debug] deducing auto plugins based on known facts Set(Atom(sbt.plugins.CorePlugin)) and clauses Clauses(Clause(Atom(sbt.plugins.JvmPlugin),Set(Atom(sbt.plugins.IvyPlugin)))
[debug] Clause(Atom(sbt.ScriptedPlugin),Set(Atom(sbt.plugins.JvmPlugin)))
[debug] Clause(Atom(sbt.plugins.SbtPlugin),Set(Atom(sbt.ScriptedPlugin)))
[debug] Clause(Atom(sbt.plugins.SemanticdbPlugin),Set(Atom(sbt.plugins.JvmPlugin)))
[debug] Clause(Atom(sbt.plugins.JUnitXmlReportPlugin),Set(Atom(sbt.plugins.JvmPlugin)))
[debug] Clause(Atom(sbt.plugins.MiniDependencyTreePlugin),Set(Atom(sbt.plugins.JvmPlugin)))
[debug] Clause(Atom(sbt.plugins.CorePlugin),Set(Atom(sbt.plugins.IvyPlugin)))
[debug] Clause(Atom(sbt.plugins.IvyPlugin),Set(Atom(sbt.plugins.JvmPlugin)))
[debug] Clause(Atom(sbt.plugins.JvmPlugin),Set(Atom(sbt.plugins.SemanticdbPlugin)))
[debug] Clause(Atom(sbt.plugins.JvmPlugin),Set(Atom(sbt.plugins.JUnitXmlReportPlugin)))
[debug] Clause(Atom(sbt.plugins.CorePlugin),Set(Atom(sbt.plugins.Giter8TemplatePlugin)))
[debug] Clause(Atom(sbt.plugins.JvmPlugin),Set(Atom(sbt.plugins.MiniDependencyTreePlugin))))
[debug]   :: deduced result: Matched(sbt.plugins.CorePlugin,sbt.plugins.Giter8TemplatePlugin,sbt.plugins.IvyPlugin,sbt.plugins.JvmPlugin,sbt.plugins.MiniDependencyTreePlugin,sbt.plugins.JUnitXmlReportPlugin,sbt.plugins.SemanticdbPlugin)
[debug] Plugins.deducer#function took 1.11725 ms
[info] loading settings for project root from build.sbt ...
[debug]         Load.resolveProject(root) took 0.8945ms
[debug]       Load.loadTransitive: finalizeProject(Project(id root, base: /Users/rishabh/poc/real-estate-poc, plugins: List(<none>))) took 2.640459ms
[debug] [Loading] Done in /Users/rishabh/poc/real-estate-poc, returning: (root)
[debug]     Load.loadUnit: loadedProjectsRaw took 95.502167ms
[debug]     Load.loadUnit: cleanEvalClasses took 2.412584ms
[debug]   Load.loadUnit(file:/Users/rishabh/poc/real-estate-poc/, ...) took 1922.360667ms
[debug] Load.apply: load took 1941.69925ms
[debug] Load.apply: resolveProjects took 0.074166ms
[debug] Load.apply: finalTransforms took 9.367042ms
[debug] Load.apply: config.delegates took 0.256334ms
[debug] Load.apply: Def.make(settings)... took 83.78175ms
[debug] Load.apply: structureIndex took 15.484417ms
[debug] Load.apply: mkStreams took 0.001875ms
[info] set current project to real-estate-poc (in build file:/Users/rishabh/poc/real-estate-poc/)
[debug] > Exec(sbtPopOnFailure, None, None)
[debug] > Exec(resumeFromFailure, None, None)
[debug] > Exec(notifyUsersAboutShell, None, None)
[debug] > Exec(iflast shell, None, None)
[debug] > Exec(run, None, None)
[debug] Evaluating tasks: Compile / run
[debug] Running task... Cancel: Signal, check cycles: false, forcegc: true
