[debug] > Exec(early(addDefaultCommands), None, None)
[debug] > Exec(addDefaultCommands, None, None)
[debug] > Exec(early(initialize), None, None)
[debug] > Exec(initialize, None, None)
[debug] > Exec(boot, None, None)
[debug] > Exec(writeSbtVersion, None, None)
[debug] > Exec(reload, None, None)
[debug] > Exec(sbtStashOnFailure, None, None)
[debug] > Exec(onFailure loadFailed, None, None)
[debug] > Exec(loadp, None, None)
[info] welcome to sbt 1.10.3 (Amazon.com Inc. Java 11.0.26)
[debug] Load.defaultLoad until apply took 57.62625ms
[debug]           Load.loadUnit: plugins took 69.692792ms
[debug]           Load.loadUnit: defsScala took 0.868167ms
[debug] [Loading] Scanning directory /Users/rishabh/poc/real-estate-poc/project
[debug]             Load.loadUnit: mkEval took 7.541667ms
[debug] [Loading] Found non-root projects 
[debug] [Loading] Done in /Users/rishabh/poc/real-estate-poc/project, returning: ()
[debug] deducing auto plugins based on known facts Set(Atom(sbt.plugins.CorePlugin)) and clauses Clauses(Clause(Atom(sbt.plugins.JvmPlugin),Set(Atom(sbt.plugins.IvyPlugin)))
[debug] Clause(Atom(sbt.ScriptedPlugin),Set(Atom(sbt.plugins.JvmPlugin)))
[debug] Clause(Atom(sbt.plugins.SbtPlugin),Set(Atom(sbt.ScriptedPlugin)))
[debug] Clause(Atom(sbt.plugins.SemanticdbPlugin),Set(Atom(sbt.plugins.JvmPlugin)))
[debug] Clause(Atom(sbt.plugins.JUnitXmlReportPlugin),Set(Atom(sbt.plugins.JvmPlugin)))
[debug] Clause(Atom(sbt.plugins.MiniDependencyTreePlugin),Set(Atom(sbt.plugins.JvmPlugin)))
[debug] Clause(Atom(sbt.plugins.CorePlugin),Set(Atom(sbt.plugins.IvyPlugin)))
[debug] Clause(Atom(sbt.plugins.IvyPlugin),Set(Atom(sbt.plugins.JvmPlugin)))
[debug] Clause(Atom(sbt.plugins.JvmPlugin),Set(Atom(sbt.plugins.SemanticdbPlugin)))
[debug] Clause(Atom(sbt.plugins.JvmPlugin),Set(Atom(sbt.plugins.JUnitXmlReportPlugin)))
[debug] Clause(Atom(sbt.plugins.CorePlugin),Set(Atom(sbt.plugins.Giter8TemplatePlugin)))
[debug] Clause(Atom(sbt.plugins.JvmPlugin),Set(Atom(sbt.plugins.MiniDependencyTreePlugin))))
[debug]   :: deduced result: Matched(sbt.plugins.CorePlugin,sbt.plugins.Giter8TemplatePlugin,sbt.plugins.IvyPlugin,sbt.plugins.JvmPlugin,sbt.plugins.MiniDependencyTreePlugin,sbt.plugins.JUnitXmlReportPlugin,sbt.plugins.SemanticdbPlugin)
[debug] Plugins.deducer#function took 12.215625 ms
[info] loading settings for project real-estate-poc-build from plugins.sbt ...
[debug]               Load.resolveProject(real-estate-poc-build) took 35.227ms
[debug]             Load.loadTransitive: finalizeProject(Project(id real-estate-poc-build, base: /Users/rishabh/poc/real-estate-poc/project, plugins: List(<none>))) took 68.405375ms
[debug] [Loading] Done in /Users/rishabh/poc/real-estate-poc/project, returning: (real-estate-poc-build)
[debug]           Load.loadUnit: loadedProjectsRaw took 342.374792ms
[debug]           Load.loadUnit: cleanEvalClasses took 0.134666ms
[debug]         Load.loadUnit(file:/Users/rishabh/poc/real-estate-poc/project/, ...) took 418.286667ms
[debug]       Load.apply: load took 713.724ms
[debug]       Load.apply: resolveProjects took 2.690042ms
[debug]       Load.apply: finalTransforms took 36.341042ms
[debug]       Load.apply: config.delegates took 3.841542ms
[debug]       Load.apply: Def.make(settings)... took 237.969334ms
[debug]       Load.apply: structureIndex took 49.937667ms
[debug]       Load.apply: mkStreams took 0.920167ms
[info] loading project definition from /Users/rishabh/poc/real-estate-poc/project
[debug] Running task... Cancel: Signal, check cycles: false, forcegc: true
[debug]     Load.loadUnit: plugins took 1560.498459ms
[debug]     Load.loadUnit: defsScala took 0.003375ms
[debug] [Loading] Scanning directory /Users/rishabh/poc/real-estate-poc
[debug]       Load.loadUnit: mkEval took 0.135375ms
[debug] [Loading] Found root project root w/ remaining 
[debug] deducing auto plugins based on known facts Set(Atom(sbt.plugins.CorePlugin)) and clauses Clauses(Clause(Atom(sbt.plugins.JvmPlugin),Set(Atom(sbt.plugins.IvyPlugin)))
[debug] Clause(Atom(sbt.ScriptedPlugin),Set(Atom(sbt.plugins.JvmPlugin)))
[debug] Clause(Atom(sbt.plugins.SbtPlugin),Set(Atom(sbt.ScriptedPlugin)))
[debug] Clause(Atom(sbt.plugins.SemanticdbPlugin),Set(Atom(sbt.plugins.JvmPlugin)))
[debug] Clause(Atom(sbt.plugins.JUnitXmlReportPlugin),Set(Atom(sbt.plugins.JvmPlugin)))
[debug] Clause(Atom(sbt.plugins.MiniDependencyTreePlugin),Set(Atom(sbt.plugins.JvmPlugin)))
[debug] Clause(Atom(sbt.plugins.CorePlugin),Set(Atom(sbt.plugins.IvyPlugin)))
[debug] Clause(Atom(sbt.plugins.IvyPlugin),Set(Atom(sbt.plugins.JvmPlugin)))
[debug] Clause(Atom(sbt.plugins.JvmPlugin),Set(Atom(sbt.plugins.SemanticdbPlugin)))
[debug] Clause(Atom(sbt.plugins.JvmPlugin),Set(Atom(sbt.plugins.JUnitXmlReportPlugin)))
[debug] Clause(Atom(sbt.plugins.CorePlugin),Set(Atom(sbt.plugins.Giter8TemplatePlugin)))
[debug] Clause(Atom(sbt.plugins.JvmPlugin),Set(Atom(sbt.plugins.MiniDependencyTreePlugin))))
[debug]   :: deduced result: Matched(sbt.plugins.CorePlugin,sbt.plugins.Giter8TemplatePlugin,sbt.plugins.IvyPlugin,sbt.plugins.JvmPlugin,sbt.plugins.MiniDependencyTreePlugin,sbt.plugins.JUnitXmlReportPlugin,sbt.plugins.SemanticdbPlugin)
[debug] Plugins.deducer#function took 1.041709 ms
[info] loading settings for project root from build.sbt ...
[debug]         Load.resolveProject(root) took 0.916375ms
[debug]       Load.loadTransitive: finalizeProject(Project(id root, base: /Users/rishabh/poc/real-estate-poc, plugins: List(<none>))) took 2.493041ms
[debug] [Loading] Done in /Users/rishabh/poc/real-estate-poc, returning: (root)
[debug]     Load.loadUnit: loadedProjectsRaw took 115.606875ms
[debug]     Load.loadUnit: cleanEvalClasses took 1.625542ms
[debug]   Load.loadUnit(file:/Users/rishabh/poc/real-estate-poc/, ...) took 1678.479125ms
[debug] Load.apply: load took 1689.738208ms
[debug] Load.apply: resolveProjects took 0.087166ms
[debug] Load.apply: finalTransforms took 10.029209ms
[debug] Load.apply: config.delegates took 0.218ms
[debug] Load.apply: Def.make(settings)... took 48.926583ms
[debug] Load.apply: structureIndex took 16.436625ms
[debug] Load.apply: mkStreams took 0.002375ms
[info] set current project to real-estate-poc (in build file:/Users/rishabh/poc/real-estate-poc/)
[debug] > Exec(sbtPopOnFailure, None, None)
[debug] > Exec(resumeFromFailure, None, None)
[debug] > Exec(notifyUsersAboutShell, None, None)
[debug] > Exec(iflast shell, None, None)
[debug] > Exec(run, None, None)
[debug] Evaluating tasks: Compile / run
[debug] Running task... Cancel: Signal, check cycles: false, forcegc: true
