[debug] > Exec(early(addDefaultCommands), None, None)
[debug] > Exec(addDefaultCommands, None, None)
[debug] > Exec(early(initialize), None, None)
[debug] > Exec(initialize, None, None)
[debug] > Exec(boot, None, None)
[debug] > Exec(writeSbtVersion, None, None)
[debug] > Exec(reload, None, None)
[debug] > Exec(sbtStashOnFailure, None, None)
[debug] > Exec(onFailure loadFailed, None, None)
[debug] > Exec(loadp, None, None)
[info] welcome to sbt 1.10.3 (Amazon.com Inc. Java 11.0.26)
[debug] Load.defaultLoad until apply took 78.71475ms
[debug]           Load.loadUnit: plugins took 62.282167ms
[debug]           Load.loadUnit: defsScala took 0.228583ms
[debug] [Loading] Scanning directory /Users/rishabh/poc/real-estate-poc/project
[debug]             Load.loadUnit: mkEval took 7.227083ms
[debug] [Loading] Found non-root projects 
[debug] [Loading] Done in /Users/rishabh/poc/real-estate-poc/project, returning: ()
[debug] deducing auto plugins based on known facts Set(Atom(sbt.plugins.CorePlugin)) and clauses Clauses(Clause(Atom(sbt.plugins.JvmPlugin),Set(Atom(sbt.plugins.IvyPlugin)))
[debug] Clause(Atom(sbt.ScriptedPlugin),Set(Atom(sbt.plugins.JvmPlugin)))
[debug] Clause(Atom(sbt.plugins.SbtPlugin),Set(Atom(sbt.ScriptedPlugin)))
[debug] Clause(Atom(sbt.plugins.SemanticdbPlugin),Set(Atom(sbt.plugins.JvmPlugin)))
[debug] Clause(Atom(sbt.plugins.JUnitXmlReportPlugin),Set(Atom(sbt.plugins.JvmPlugin)))
[debug] Clause(Atom(sbt.plugins.MiniDependencyTreePlugin),Set(Atom(sbt.plugins.JvmPlugin)))
[debug] Clause(Atom(sbt.plugins.CorePlugin),Set(Atom(sbt.plugins.IvyPlugin)))
[debug] Clause(Atom(sbt.plugins.IvyPlugin),Set(Atom(sbt.plugins.JvmPlugin)))
[debug] Clause(Atom(sbt.plugins.JvmPlugin),Set(Atom(sbt.plugins.SemanticdbPlugin)))
[debug] Clause(Atom(sbt.plugins.JvmPlugin),Set(Atom(sbt.plugins.JUnitXmlReportPlugin)))
[debug] Clause(Atom(sbt.plugins.CorePlugin),Set(Atom(sbt.plugins.Giter8TemplatePlugin)))
[debug] Clause(Atom(sbt.plugins.JvmPlugin),Set(Atom(sbt.plugins.MiniDependencyTreePlugin))))
[debug]   :: deduced result: Matched(sbt.plugins.CorePlugin,sbt.plugins.Giter8TemplatePlugin,sbt.plugins.IvyPlugin,sbt.plugins.JvmPlugin,sbt.plugins.MiniDependencyTreePlugin,sbt.plugins.JUnitXmlReportPlugin,sbt.plugins.SemanticdbPlugin)
[debug] Plugins.deducer#function took 9.872083 ms
[info] loading settings for project real-estate-poc-build from plugins.sbt ...
[debug]               Load.resolveProject(real-estate-poc-build) took 33.0955ms
[debug]             Load.loadTransitive: finalizeProject(Project(id real-estate-poc-build, base: /Users/rishabh/poc/real-estate-poc/project, plugins: List(<none>))) took 65.435166ms
[debug] [Loading] Done in /Users/rishabh/poc/real-estate-poc/project, returning: (real-estate-poc-build)
[debug]           Load.loadUnit: loadedProjectsRaw took 377.860375ms
[debug]           Load.loadUnit: cleanEvalClasses took 0.148458ms
[debug]         Load.loadUnit(file:/Users/rishabh/poc/real-estate-poc/project/, ...) took 444.911708ms
[debug]       Load.apply: load took 781.017ms
[debug]       Load.apply: resolveProjects took 3.867375ms
[debug]       Load.apply: finalTransforms took 37.517375ms
[debug]       Load.apply: config.delegates took 4.441959ms
[debug]       Load.apply: Def.make(settings)... took 242.916416ms
[debug]       Load.apply: structureIndex took 58.838334ms
[debug]       Load.apply: mkStreams took 0.9275ms
[info] loading project definition from /Users/rishabh/poc/real-estate-poc/project
[debug] Running task... Cancel: Signal, check cycles: false, forcegc: true
[debug]     Load.loadUnit: plugins took 1702.184333ms
[debug]     Load.loadUnit: defsScala took 0.002375ms
[debug] [Loading] Scanning directory /Users/rishabh/poc/real-estate-poc
[debug]       Load.loadUnit: mkEval took 0.124ms
[debug] [Loading] Found root project root w/ remaining 
[debug] deducing auto plugins based on known facts Set(Atom(sbt.plugins.CorePlugin)) and clauses Clauses(Clause(Atom(sbt.plugins.JvmPlugin),Set(Atom(sbt.plugins.IvyPlugin)))
[debug] Clause(Atom(sbt.ScriptedPlugin),Set(Atom(sbt.plugins.JvmPlugin)))
[debug] Clause(Atom(sbt.plugins.SbtPlugin),Set(Atom(sbt.ScriptedPlugin)))
[debug] Clause(Atom(sbt.plugins.SemanticdbPlugin),Set(Atom(sbt.plugins.JvmPlugin)))
[debug] Clause(Atom(sbt.plugins.JUnitXmlReportPlugin),Set(Atom(sbt.plugins.JvmPlugin)))
[debug] Clause(Atom(sbt.plugins.MiniDependencyTreePlugin),Set(Atom(sbt.plugins.JvmPlugin)))
[debug] Clause(Atom(sbt.plugins.CorePlugin),Set(Atom(sbt.plugins.IvyPlugin)))
[debug] Clause(Atom(sbt.plugins.IvyPlugin),Set(Atom(sbt.plugins.JvmPlugin)))
[debug] Clause(Atom(sbt.plugins.JvmPlugin),Set(Atom(sbt.plugins.SemanticdbPlugin)))
[debug] Clause(Atom(sbt.plugins.JvmPlugin),Set(Atom(sbt.plugins.JUnitXmlReportPlugin)))
[debug] Clause(Atom(sbt.plugins.CorePlugin),Set(Atom(sbt.plugins.Giter8TemplatePlugin)))
[debug] Clause(Atom(sbt.plugins.JvmPlugin),Set(Atom(sbt.plugins.MiniDependencyTreePlugin))))
[debug]   :: deduced result: Matched(sbt.plugins.CorePlugin,sbt.plugins.Giter8TemplatePlugin,sbt.plugins.IvyPlugin,sbt.plugins.JvmPlugin,sbt.plugins.MiniDependencyTreePlugin,sbt.plugins.JUnitXmlReportPlugin,sbt.plugins.SemanticdbPlugin)
[debug] Plugins.deducer#function took 1.021958 ms
[info] loading settings for project root from build.sbt ...
[debug]         Load.resolveProject(root) took 1.006625ms
[debug]       Load.loadTransitive: finalizeProject(Project(id root, base: /Users/rishabh/poc/real-estate-poc, plugins: List(<none>))) took 2.640709ms
[debug] [Loading] Done in /Users/rishabh/poc/real-estate-poc, returning: (root)
[debug]     Load.loadUnit: loadedProjectsRaw took 78.020375ms
[debug]     Load.loadUnit: cleanEvalClasses took 2.006083ms
[debug]   Load.loadUnit(file:/Users/rishabh/poc/real-estate-poc/, ...) took 1782.978625ms
[debug] Load.apply: load took 1794.247625ms
[debug] Load.apply: resolveProjects took 0.066917ms
[debug] Load.apply: finalTransforms took 12.398875ms
[debug] Load.apply: config.delegates took 0.267583ms
[debug] Load.apply: Def.make(settings)... took 57.229792ms
[debug] Load.apply: structureIndex took 14.512ms
[debug] Load.apply: mkStreams took 0.001917ms
[info] set current project to real-estate-poc (in build file:/Users/rishabh/poc/real-estate-poc/)
[debug] > Exec(sbtPopOnFailure, None, None)
[debug] > Exec(resumeFromFailure, None, None)
[debug] > Exec(notifyUsersAboutShell, None, None)
[debug] > Exec(iflast shell, None, None)
[debug] > Exec(run, None, None)
[debug] Evaluating tasks: Compile / run
[debug] Running task... Cancel: Signal, check cycles: false, forcegc: true
